I'm sorry, but errors were detected in your script. Please correct the
errors listed below, and try again.


File "game/script.rpy", line 1821: expected 'simple_expression' not found.
    with 
         ^

Ren'Py Version: Ren'Py 8.3.3.24111502
Mon Dec  9 19:22:12 2024
